ASxxxx Linker V03.00 + NoICE + sdld,  page 1.
Hexadecimal  [32-Bits]

Area                                    Addr        Size        Decimal Bytes (Attributes)
--------------------------------        ----        ----        ------- ----- ------------
CABS                                00000000    00000000 =           0. bytes (ABS,CON,CODE)

      Value  Global                              Global Defined In Module
      -----  --------------------------------   ------------------------
C:   00000000  l_BIT_BANK                      
C:   00000000  l_BSEG                          
C:   00000000  l_BSEG_BYTES                    
C:   00000000  l_CABS                          
C:   00000000  l_GSINIT1                       
C:   00000000  l_GSINIT5                       
C:   00000000  l_IABS                          
C:   00000000  l_ISEG                          
C:   00000000  l_PSEG                          
C:   00000000  l_REG_BANK_1                    
C:   00000000  l_REG_BANK_2                    
C:   00000000  l_REG_BANK_3                    
C:   00000000  l_RSEG                          
C:   00000000  l_RSEG0                         
C:   00000000  l_RSEG1                         
C:   00000000  l_XABS                          
C:   00000000  l_XINIT                         
C:   00000000  l_XISEG                         
C:   00000000  l__CODE                         
C:   00000000  s_BSEG                          
C:   00000000  s_CABS                          
C:   00000000  s_DSEG                          
C:   00000000  s_HOME                          
C:   00000000  s_IABS                          
C:   00000000  s_ISEG                          
C:   00000000  s_PSEG                          
C:   00000000  s_REG_BANK_0                    
C:   00000000  s_RSEG                          
C:   00000000  s_RSEG0                         
C:   00000000  s_RSEG1                         
C:   00000000  s_XABS                          
C:   00000000  s_XSEG                          
C:   00000003  l_GSFINAL                       
C:   00000003  l_GSINIT0                       
C:   00000004  l_OSEG                          
C:   00000006  l_HOME                          
C:   00000006  s_GSINIT0                       
C:   00000008  l_REG_BANK_0                    
C:   00000008  s_REG_BANK_1                    
C:   00000009  s_GSINIT1                       
C:   00000009  s_GSINIT2                       
C:   0000000A  l_GSINIT2                       
C:   00000010  s_REG_BANK_2                    
C:   00000012  l_GSINIT                        
C:   00000013  s_GSINIT3                       
C:   00000018  s_BIT_BANK                      
C:   00000018  s_REG_BANK_3                    
C:   00000020  s_BSEG_BYTES                    
C:   00000020  s__CODE                         
C:   00000022  l_GSINIT3                       
ASxxxx Linker V03.00 + NoICE + sdld,  page 2.
Hexadecimal  [32-Bits]

Area                                    Addr        Size        Decimal Bytes (Attributes)
--------------------------------        ----        ----        ------- ----- ------------
CABS                                00000000    00000000 =           0. bytes (ABS,CON,CODE)

      Value  Global                              Global Defined In Module
      -----  --------------------------------   ------------------------
C:   0000002A  l_GSINIT4                       
C:   00000035  s_GSINIT4                       
C:   00000035  s_OSEG                          
C:   00000039  s_SSEG                          
C:   0000005F  s_GSINIT                        
C:   0000005F  s_GSINIT5                       
C:   00000071  s_GSFINAL                       
C:   00000074  s_CSEG                          
C:   00000080  l_DSEG                          
C:   000000C7  l_SSEG                          
C:   000000D2  l_CONST                         
C:   00000100  l_IRAM                          
C:   00000174  l_XSEG                          
C:   00000174  s_XISEG                         
C:   000022F0  l_CSEG                          
C:   00002364  s_CONST                         
C:   00002436  s_XINIT                         

ASxxxx Linker V03.00 + NoICE + sdld,  page 3.
Hexadecimal  [32-Bits]

Area                                    Addr        Size        Decimal Bytes (Attributes)
--------------------------------        ----        ----        ------- ----- ------------
.  .ABS.                            00000000    00000000 =           0. bytes (ABS,CON)

      Value  Global                              Global Defined In Module
      -----  --------------------------------   ------------------------
     00000000  .__.ABS.                           _startup
     00000080  _ADC_CHAN0                         callback
     00000080  _ADC_CTRL                          callback
     00000081  _ADC_CHAN1                         callback
     00000081  _SP                                callback
     00000082  _DPL                               callback
     00000083  _CMP_CHAN                          callback
     00000083  _DPH                               callback
     00000084  _ADC_START                         callback
     00000084  _ROM_ADDR_L                        callback
     00000085  _ADC_IF                            callback
     00000085  _ROM_ADDR_H                        callback
     00000086  _CMP_IF                            callback
     00000086  _ROM_CTRL                          callback
     00000087  _CMPO                              callback
     00000087  _PCON                              callback
     00000088  _IT0                               callback
     00000088  _TCON                              callback
     00000089  _IE0                               callback
     00000089  _TMOD                              callback
     0000008A  _IT1                               callback
     0000008A  _TL0                               callback
     0000008B  _IE1                               callback
     0000008B  _TL1                               callback
     0000008C  _TH0                               callback
     0000008C  _TR0                               callback
     0000008D  _TF0                               callback
     0000008D  _TH1                               callback
     0000008E  _ROM_DATA_L                        callback
     0000008E  _TR1                               callback
     0000008F  _ROM_DATA_H                        callback
     0000008F  _TF1                               callback
     00000090  _CAP1                              callback
     00000090  _P1                                callback
     00000090  _T2                                callback
     00000090  _TIN0                              callback
     00000091  _AIN0                              callback
     00000091  _CAP2                              callback
     00000091  _T2EX                              callback
     00000091  _TIN1                              callback
     00000091  _USB_C_CTRL                        callback
     00000091  _VBUS2                             callback
     00000092  _P1_MOD_OC                         callback
     00000092  _RXD_                              callback
     00000093  _P1_DIR_PU                         callback
     00000093  _TXD_                              callback
     00000094  _AIN1                              callback
     00000094  _CAP1_                             callback
     00000094  _SCS                               callback
     00000094  _T2_                               callback
ASxxxx Linker V03.00 + NoICE + sdld,  page 4.
Hexadecimal  [32-Bits]

Area                                    Addr        Size        Decimal Bytes (Attributes)
--------------------------------        ----        ----        ------- ----- ------------
.  .ABS.                            00000000    00000000 =           0. bytes (ABS,CON)

      Value  Global                              Global Defined In Module
      -----  --------------------------------   ------------------------
     00000094  _TIN2                              callback
     00000094  _UCC1                              callback
     00000095  _AIN2                              callback
     00000095  _MOSI                              callback
     00000095  _PWM1                              callback
     00000095  _TIN3                              callback
     00000095  _UCC2                              callback
     00000096  _MISO                              callback
     00000096  _P3_MOD_OC                         callback
     00000096  _RXD1                              callback
     00000096  _TIN4                              callback
     00000097  _P3_DIR_PU                         callback
     00000097  _SCK                               callback
     00000097  _TIN5                              callback
     00000097  _TXD1                              callback
     00000098  _RI                                callback
     00000098  _SCON                              callback
     00000099  _SBUF                              callback
     00000099  _TI                                callback
     0000009A  _ADC_CFG                           callback
     0000009A  _RB8                               callback
     0000009B  _PWM_DATA2                         callback
     0000009B  _TB8                               callback
     0000009C  _PWM_DATA1                         callback
     0000009C  _REN                               callback
     0000009D  _PWM_CTRL                          callback
     0000009D  _SM2                               callback
     0000009E  _PWM_CK_SE                         callback
     0000009E  _SM1                               callback
     0000009F  _ADC_DATA                          callback
     0000009F  _SM0                               callback
     000000A0  _P2                                callback
     000000A0  __XPAGE                            
     000000A1  _SAFE_MOD                          callback
     000000A2  _XBUS_AUX                          callback
     000000A8  _EX0                               callback
     000000A8  _IE                                callback
     000000A9  _ET0                               callback
     000000A9  _WAKE_CTRL                         callback
     000000AA  _EX1                               callback
     000000AB  _ET1                               callback
     000000AC  _ES                                callback
     000000AD  _ET2                               callback
     000000AE  _E_DIS                             callback
     000000AF  _EA                                callback
     000000B0  _P3                                callback
     000000B0  _PWM1_                             callback
     000000B0  _RXD                               callback
     000000B1  _GLOBAL_CFG                        callback
     000000B1  _PWM2_                             callback
     000000B1  _TXD                               callback
ASxxxx Linker V03.00 + NoICE + sdld,  page 5.
Hexadecimal  [32-Bits]

Area                                    Addr        Size        Decimal Bytes (Attributes)
--------------------------------        ----        ----        ------- ----- ------------
.  .ABS.                            00000000    00000000 =           0. bytes (ABS,CON)

      Value  Global                              Global Defined In Module
      -----  --------------------------------   ------------------------
     000000B2  _AIN3                              callback
     000000B2  _INT0                              callback
     000000B2  _TXD1_                             callback
     000000B2  _VBUS1                             callback
     000000B3  _INT1                              callback
     000000B4  _PWM2                              callback
     000000B4  _RXD1_                             callback
     000000B4  _T0                                callback
     000000B5  _T1                                callback
     000000B6  _UDP                               callback
     000000B7  _UDM                               callback
     000000B8  _IP                                callback
     000000B8  _PX0                               callback
     000000B9  _CLOCK_CFG                         callback
     000000B9  _PT0                               callback
     000000BA  _PX1                               callback
     000000BB  _PT1                               callback
     000000BC  _PS                                callback
     000000BD  _PT2                               callback
     000000BE  _PL_FLAG                           callback
     000000BF  _PH_FLAG                           callback
     000000C0  _SCON1                             callback
     000000C0  _U1RI                              callback
     000000C1  _SBUF1                             callback
     000000C1  _U1TI                              callback
     000000C2  _SBAUD1                            callback
     000000C2  _U1RB8                             callback
     000000C3  _TKEY_CTRL                         callback
     000000C3  _U1TB8                             callback
     000000C4  _TKEY_DATL                         callback
     000000C4  _U1REN                             callback
     000000C5  _TKEY_DATH                         callback
     000000C5  _U1SMOD                            callback
     000000C6  _PIN_FUNC                          callback
     000000C7  _GPIO_IE                           callback
     000000C7  _U1SM0                             callback
     000000C8  _CP_RL2                            callback
     000000C8  _T2CON                             callback
     000000C9  _C_T2                              callback
     000000C9  _T2MOD                             callback
     000000CA  _RCAP2L                            callback
     000000CA  _TR2                               callback
     000000CB  _EXEN2                             callback
     000000CB  _RCAP2H                            callback
     000000CC  _TCLK                              callback
     000000CC  _TL2                               callback
     000000CD  _RCLK                              callback
     000000CD  _TH2                               callback
     000000CE  _EXF2                              callback
     000000CE  _T2CAP1L                           callback
     000000CF  _CAP1F                             callback
ASxxxx Linker V03.00 + NoICE + sdld,  page 6.
Hexadecimal  [32-Bits]

Area                                    Addr        Size        Decimal Bytes (Attributes)
--------------------------------        ----        ----        ------- ----- ------------
.  .ABS.                            00000000    00000000 =           0. bytes (ABS,CON)

      Value  Global                              Global Defined In Module
      -----  --------------------------------   ------------------------
     000000CF  _T2CAP1H                           callback
     000000CF  _TF2                               callback
     000000D0  _P                                 callback
     000000D0  _PSW                               callback
     000000D1  _F1                                callback
     000000D1  _UDEV_CTRL                         callback
     000000D2  _OV                                callback
     000000D2  _UEP1_CTRL                         callback
     000000D3  _RS0                               callback
     000000D3  _UEP1_T_LEN                        callback
     000000D4  _RS1                               callback
     000000D4  _UEP2_CTRL                         callback
     000000D5  _F0                                callback
     000000D5  _UEP2_T_LEN                        callback
     000000D6  _AC                                callback
     000000D6  _UEP3_CTRL                         callback
     000000D7  _CY                                callback
     000000D7  _UEP3_T_LEN                        callback
     000000D8  _UIF_BUS_RST                       callback
     000000D8  _UIF_DETECT                        callback
     000000D8  _USB_INT_FG                        callback
     000000D9  _UIF_TRANSFER                      callback
     000000D9  _USB_INT_ST                        callback
     000000DA  _UIF_SUSPEND                       callback
     000000DA  _USB_MIS_ST                        callback
     000000DB  _UIF_HST_SOF                       callback
     000000DB  _USB_RX_LEN                        callback
     000000DC  _UEP0_CTRL                         callback
     000000DC  _UIF_FIFO_OV                       callback
     000000DD  _UEP0_T_LEN                        callback
     000000DD  _U_SIE_FREE                        callback
     000000DE  _UEP4_CTRL                         callback
     000000DE  _U_TOG_OK                          callback
     000000DF  _UEP4_T_LEN                        callback
     000000DF  _U_IS_NAK                          callback
     000000E0  _ACC                               callback
     000000E1  _USB_INT_EN                        callback
     000000E2  _USB_CTRL                          callback
     000000E3  _USB_DEV_AD                        callback
     000000E4  _UEP2_DMA_L                        callback
     000000E5  _UEP2_DMA_H                        callback
     000000E6  _UEP3_DMA_L                        callback
     000000E7  _UEP3_DMA_H                        callback
     000000E8  _IE_EX                             callback
     000000E8  _IE_SPI0                           callback
     000000E9  _IE_TKEY                           callback
     000000E9  _IP_EX                             callback
     000000EA  _IE_USB                            callback
     000000EA  _UEP4_1_MOD                        callback
     000000EB  _IE_ADC                            callback
     000000EB  _UEP2_3_MOD                        callback
ASxxxx Linker V03.00 + NoICE + sdld,  page 7.
Hexadecimal  [32-Bits]

Area                                    Addr        Size        Decimal Bytes (Attributes)
--------------------------------        ----        ----        ------- ----- ------------
.  .ABS.                            00000000    00000000 =           0. bytes (ABS,CON)

      Value  Global                              Global Defined In Module
      -----  --------------------------------   ------------------------
     000000EC  _IE_UART1                          callback
     000000EC  _UEP0_DMA_L                        callback
     000000ED  _IE_PWMX                           callback
     000000ED  _UEP0_DMA_H                        callback
     000000EE  _IE_GPIO                           callback
     000000EE  _UEP1_DMA_L                        callback
     000000EF  _IE_WDOG                           callback
     000000EF  _UEP1_DMA_H                        callback
     000000F0  _B                                 callback
     000000F5  _B_5                               _gptrget
     000000F6  _B_6                               _gptrget
     000000F7  _B_7                               _gptrget
     000000F8  _S0_R_FIFO                         callback
     000000F8  _SPI0_STAT                         callback
     000000F9  _SPI0_DATA                         callback
     000000FA  _S0_T_FIFO                         callback
     000000FA  _SPI0_CTRL                         callback
     000000FB  _S0_FREE                           callback
     000000FB  _SPI0_CK_SE                        callback
     000000FC  _S0_IF_BYTE                        callback
     000000FC  _SPI0_SETUP                        callback
     000000FD  _S0_IF_FIRST                       callback
     000000FE  _RESET_KEEP                        callback
     000000FE  _S0_IF_OV                          callback
     000000FF  _S0_FST_ACT                        callback
     000000FF  _WDOG_COUNT                        callback
     00008584  _ROM_ADDR                          callback
     00008F8E  _ROM_DATA                          callback
     0000C5C4  _TKEY_DAT                          callback
     0000CBCA  _RCAP2                             callback
     0000CDCC  _T2COUNT                           callback
     0000CFCE  _T2CAP1                            callback
     0000E5E4  _UEP2_DMA                          callback
     0000E7E6  _UEP3_DMA                          callback
     0000EDEC  _UEP0_DMA                          callback
     0000EFEE  _UEP1_DMA                          callback

ASxxxx Linker V03.00 + NoICE + sdld,  page 8.
Hexadecimal  [32-Bits]

Area                                    Addr        Size        Decimal Bytes (Attributes)
--------------------------------        ----        ----        ------- ----- ------------
REG_BANK_0                          00000000    00000008 =           8. bytes (REL,OVR)

      Value  Global                              Global Defined In Module
      -----  --------------------------------   ------------------------
ASxxxx Linker V03.00 + NoICE + sdld,  page 9.
Hexadecimal  [32-Bits]

Area                                    Addr        Size        Decimal Bytes (Attributes)
--------------------------------        ----        ----        ------- ----- ------------
DSEG                                00000000    00000080 =         128. bytes (REL,CON)

      Value  Global                              Global Defined In Module
      -----  --------------------------------   ------------------------
     00000008  _i                                 main
     00000009  _pu8Buff                           usb
     0000000C  _u8Total                           usb
     0000000D  _u8HidReq                          usb
     0000000E  _u8HidNum                          usb
     0000000F  _u8Addr                            usb
     00000010  _u8Config                          usb
     00000011  _u8sync                            usb
     00000012  _u8ControlState                    usb
     00000013  _u8Chip                            usbisp
     00000014  _readType                          usbisp
     00000015  _ispWriteFlashByte_PARM_2          usbisp
     00000016  _ispWriteEeprom_PARM_2             usbisp
     00000017  _ispWriteFlashPage_PARM_2          usbisp
     0000001A  _ispWriteFlashPage_PARM_3          usbisp
     0000001E  _C2_WriteFlash_PARM_2              C2
     0000001F  _C2_WriteFlash_PARM_3              C2
     00000023  _C2_ReadFlash_PARM_2               C2
     00000024  _C2_ReadFlash_PARM_3               C2
     00000028  _u32Addr                           callback
     0000002C  _u16Addr                           callback
     0000002E  _u8ExtAddr                         callback
     0000002F  _u16PageSize                       callback
     00000031  _u8NumPage                         callback
     00000032  _u8NeedFind                        callback
     00000033  _u8Pos                             callback

ASxxxx Linker V03.00 + NoICE + sdld,  page 10.
Hexadecimal  [32-Bits]

Area                                    Addr        Size        Decimal Bytes (Attributes)
--------------------------------        ----        ----        ------- ----- ------------
OSEG                                00000035    00000004 =           4. bytes (REL,OVR)

      Value  Global                              Global Defined In Module
      -----  --------------------------------   ------------------------
     00000035  _EP0_RecData0_PARM_2               usb
     00000035  _EP0_RecData1_PARM_2               usb
     00000035  _EP0_SendData0_PARM_2              usb
     00000035  _EP0_SendData1_PARM_2              usb
     00000035  _FindNotBlank_PARM_2               usbisp
     00000035  __divsint_PARM_2                   _divuint
     00000035  __divuint_PARM_2                   _divuint
     00000035  __gptrput_PARM_2                   _gptrput
     00000035  __mulint_PARM_2                    _mulint
ASxxxx Linker V03.00 + NoICE + sdld,  page 11.
Hexadecimal  [32-Bits]

Area                                    Addr        Size        Decimal Bytes (Attributes)
--------------------------------        ----        ----        ------- ----- ------------
SSEG                                00000039    000000C7 =         199. bytes (REL,OVR)

      Value  Global                              Global Defined In Module
      -----  --------------------------------   ------------------------
     00000039  __start__stack                     main

ASxxxx Linker V03.00 + NoICE + sdld,  page 12.
Hexadecimal  [32-Bits]

Area                                    Addr        Size        Decimal Bytes (Attributes)
--------------------------------        ----        ----        ------- ----- ------------
XSEG                                00000000    00000174 =         372. bytes (REL,CON,XDATA)

      Value  Global                              Global Defined In Module
      -----  --------------------------------   ------------------------
D:   00000000  _u8Ep0Buff                         usb
D:   00000040  _u8ReceiveBuff                     usb
D:   000000D6  _u8TransBuff                       usb
D:   0000016C  _u8SetupPacket                     usb

ASxxxx Linker V03.00 + NoICE + sdld,  page 13.
Hexadecimal  [32-Bits]

Area                                    Addr        Size        Decimal Bytes (Attributes)
--------------------------------        ----        ----        ------- ----- ------------
HOME                                00000000    00000006 =           6. bytes (REL,CON,CODE)

      Value  Global                              Global Defined In Module
      -----  --------------------------------   ------------------------
C:   00000003  __sdcc_program_startup             main

ASxxxx Linker V03.00 + NoICE + sdld,  page 14.
Hexadecimal  [32-Bits]

Area                                    Addr        Size        Decimal Bytes (Attributes)
--------------------------------        ----        ----        ------- ----- ------------
GSINIT0                             00000006    00000003 =           3. bytes (REL,CON,CODE)

      Value  Global                              Global Defined In Module
      -----  --------------------------------   ------------------------
C:   00000006  __sdcc_gsinit_startup              

ASxxxx Linker V03.00 + NoICE + sdld,  page 15.
Hexadecimal  [32-Bits]

Area                                    Addr        Size        Decimal Bytes (Attributes)
--------------------------------        ----        ----        ------- ----- ------------
GSINIT2                             00000009    0000000A =          10. bytes (REL,CON,CODE)

      Value  Global                              Global Defined In Module
      -----  --------------------------------   ------------------------
ASxxxx Linker V03.00 + NoICE + sdld,  page 16.
Hexadecimal  [32-Bits]

Area                                    Addr        Size        Decimal Bytes (Attributes)
--------------------------------        ----        ----        ------- ----- ------------
GSINIT3                             00000013    00000022 =          34. bytes (REL,CON,CODE)

      Value  Global                              Global Defined In Module
      -----  --------------------------------   ------------------------
C:   00000013  __mcs51_genXINIT                   

ASxxxx Linker V03.00 + NoICE + sdld,  page 17.
Hexadecimal  [32-Bits]

Area                                    Addr        Size        Decimal Bytes (Attributes)
--------------------------------        ----        ----        ------- ----- ------------
GSINIT4                             00000035    0000002A =          42. bytes (REL,CON,CODE)

      Value  Global                              Global Defined In Module
      -----  --------------------------------   ------------------------
C:   00000035  __mcs51_genRAMCLEAR                
C:   0000003B  __mcs51_genXRAMCLEAR               

ASxxxx Linker V03.00 + NoICE + sdld,  page 18.
Hexadecimal  [32-Bits]

Area                                    Addr        Size        Decimal Bytes (Attributes)
--------------------------------        ----        ----        ------- ----- ------------
GSINIT                              0000005F    00000012 =          18. bytes (REL,CON,CODE)

      Value  Global                              Global Defined In Module
      -----  --------------------------------   ------------------------
ASxxxx Linker V03.00 + NoICE + sdld,  page 19.
Hexadecimal  [32-Bits]

Area                                    Addr        Size        Decimal Bytes (Attributes)
--------------------------------        ----        ----        ------- ----- ------------
GSFINAL                             00000071    00000003 =           3. bytes (REL,CON,CODE)

      Value  Global                              Global Defined In Module
      -----  --------------------------------   ------------------------
ASxxxx Linker V03.00 + NoICE + sdld,  page 20.
Hexadecimal  [32-Bits]

Area                                    Addr        Size        Decimal Bytes (Attributes)
--------------------------------        ----        ----        ------- ----- ------------
CSEG                                00000074    000022F0 =        8944. bytes (REL,CON,CODE)

      Value  Global                              Global Defined In Module
      -----  --------------------------------   ------------------------
C:   00000074  _TIM0_Init                         main
C:   00000078  _Delay_Ms                          main
C:   0000009D  ___delay_ms                        main
C:   000000C2  ___delay_us                        main
C:   000000D4  _UART0_Send                        main
C:   000000E0  _main                              main
C:   0000012A  _Led_Init                          gpio
C:   00000133  _Led_On                            gpio
C:   00000136  _Led_Off                           gpio
C:   00000139  _EP0_SendData0                     usb
C:   000001B8  _EP0_SendData1                     usb
C:   00000237  _EP0_RecData0                      usb
C:   00000247  _EP0_RecData1                      usb
C:   00000257  _EP0_Stall                         usb
C:   0000025E  _USB_InitClock                     usb
C:   0000025F  _USB_Init                          usb
C:   00000266  _USB_Task                          usb
C:   00000913  _EP1_Out                           usb
C:   00000914  _EP1_In                            usb
C:   00000969  _spi_init                          spi
C:   000009CC  _spi_send                          spi
C:   000009D6  _ispReadFlash                      usbisp
C:   00000A00  _ispReadAvrLo                      usbisp
C:   00000A2A  _ispReadAvrHi                      usbisp
C:   00000A54  _ispReadEeprom                     usbisp
C:   00000A7E  _ispWriteFlashByte                 usbisp
C:   00000B02  _ispWriteEeprom                    usbisp
C:   00000B32  _FindNotBlank                      usbisp
C:   00000B65  _ispWriteFlashPage                 usbisp
C:   00000CE9  _ICP_Send                          ICP_N76E003
C:   00000D23  _ICP_Recv                          ICP_N76E003
C:   00000D90  _ICP_Init                          ICP_N76E003
C:   00000E93  _ICP_Enter                         ICP_N76E003
C:   00000F38  _ICP_Write                         ICP_N76E003
C:   00000F6B  _ICP_Read                          ICP_N76E003
C:   00000FE4  _ICP_SetWire                       ICP_N76E003
C:   00001008  _ICP_Exit                          ICP_N76E003
C:   00001018  _ICP_FlashWrite                    ICP_N76E003
C:   000010ED  _ICP_FlashRead                     ICP_N76E003
C:   000010EE  _C2_Delay                          C2
C:   000010F4  _delay                             C2
C:   000010F7  _C2_Exit                           C2
C:   0000110E  _C2_Init                           C2
C:   00001123  _C2_Send                           C2
C:   00001151  _C2_Read                           C2
C:   0000117B  _C2_Reset                          C2
C:   0000118F  _C2_ReadDR                         C2
C:   000012BF  _C2_WriteAR                        C2
C:   00001361  _C2_ReadAR                         C2
C:   000013FC  _C2_WriteDR                        C2
ASxxxx Linker V03.00 + NoICE + sdld,  page 21.
Hexadecimal  [32-Bits]

Area                                    Addr        Size        Decimal Bytes (Attributes)
--------------------------------        ----        ----        ------- ----- ------------
CSEG                                00000074    000022F0 =        8944. bytes (REL,CON,CODE)

      Value  Global                              Global Defined In Module
      -----  --------------------------------   ------------------------
C:   0000152A  _C2_WriteFlash                     C2
C:   0000163E  _C2_ReadFlash                      C2
C:   00001778  _EP0_Out_CallBack                  callback
C:   000022AB  __divuint                          _divuint
C:   000022D4  __gptrput                          _gptrput
C:   000022EF  __mulint                           _mulint
C:   000022EF  __mulint_dummy                     _mulint
C:   0000230C  __gptrget                          _gptrget
C:   00002328  __divsint                          _divsint
C:   00002360  __sdcc_external_startup            _startup
ASxxxx Linker V03.00 + NoICE + sdld,  page 22.
Hexadecimal  [32-Bits]

Area                                    Addr        Size        Decimal Bytes (Attributes)
--------------------------------        ----        ----        ------- ----- ------------
CONST                               00002364    000000D2 =         210. bytes (REL,CON,CODE)

      Value  Global                              Global Defined In Module
      -----  --------------------------------   ------------------------
C:   00002364  _deviceDescriptor                  usb
C:   00002376  _HID_DeviceReportDescriptor        usb
C:   000023A9  _configDescriptor                  usb
C:   000023CB  _stringDescriptor                  usb
C:   000023CF  _manufacturerDescriptor            usb
C:   000023EF  _productDescriptor                 usb
C:   00002407  _serialDescriptor                  usb
C:   00002421  _u8Ver                             usb

ASxxxx Linker V03.00 + NoICE + sdld,  page 23.

Files Linked                              [ module(s) ]

obj/main.rel                              [  ]
obj/gpio.rel                              [  ]
obj/usb.rel                               [  ]
obj/spi.rel                               [  ]
obj/usbisp.rel                            [  ]
obj/ICP_N76E003.rel                       [  ]
obj/C2.rel                                [  ]
obj/callback.rel                          [  ]


Libraries Linked                          [ object file ]

C:\Program Files\SDCC\bin\..\lib\small/libint.lib
                                          [ _divuint.rel ]
C:\Program Files\SDCC\bin\..\lib\small/mcs51.lib
                                          [ crtclear.rel ]
C:\Program Files\SDCC\bin\..\lib\small/mcs51.lib
                                          [ crtxinit.rel ]
C:\Program Files\SDCC\bin\..\lib\small/libsdcc.lib
                                          [ _gptrput.rel ]
C:\Program Files\SDCC\bin\..\lib\small/libint.lib
                                          [ _mulint.rel ]
C:\Program Files\SDCC\bin\..\lib\small/mcs51.lib
                                          [ crtxclear.rel ]
C:\Program Files\SDCC\bin\..\lib\small/mcs51.lib
                                          [ crtpagesfr.rel ]
C:\Program Files\SDCC\bin\..\lib\small/mcs51.lib
                                          [ crtstart.rel ]
C:\Program Files\SDCC\bin\..\lib\small/libsdcc.lib
                                          [ _gptrget.rel ]
C:\Program Files\SDCC\bin\..\lib\small/libint.lib
                                          [ _divsint.rel ]
C:\Program Files\SDCC\bin\..\lib\small/libsdcc.lib
                                          [ _startup.rel ]

ASxxxx Linker V03.00 + NoICE + sdld,  page 24.

User Base Address Definitions

HOME = 0x0000
ISEG = 0x0000
BSEG = 0x0000

